// Jest Snapshot v1, https://goo.gl/fbAQLP

exports[`should render Layout 1`] = `
<DocumentFragment>
  <div
    class="layout"
  >
    <p>
      test content
    </p>
  </div>
</DocumentFragment>
`;
