// Jest Snapshot v1, https://goo.gl/fbAQLP

exports[`should render Button 1`] = `
<DocumentFragment>
  <button
    type="button"
  />
</DocumentFragment>
`;
