// Jest Snapshot v1, https://goo.gl/fbAQLP

exports[`should render UserCard 1`] = `
<DocumentFragment>
  <div
    class="card"
  >
    <img
      src="test.jpg"
    />
    <h1>
      JaneDoe
    </h1>
    <button
      type="button"
    >
      Edit
    </button>
  </div>
</DocumentFragment>
`;
